<?xml version="1.0" encoding="UTF-8"?>
<TestRun id="facae662-ec82-4db7-ac34-7c4c092e5d82" name="FrankieLin@P24302-14 2014-07-01 16:02:09" runUser="P24302-14\FrankieLin" xmlns="http://microsoft.com/schemas/VisualStudio/TeamTest/2010">
  <TestSettings name="Local" id="d5433585-0d29-4301-95de-3408dcfff771">
    <Description>These are default test settings for a local test run.</Description>
    <Deployment enabled="false" runDeploymentRoot="FrankieLin_P24302-14 2014-07-01 16_02_09">
      <DeploymentItem filename="D:\SourceCode\Project\SpiderApplication\Dll\Common.dll" />
      <DeploymentItem filename="D:\SourceCode\Project\SpiderApplication\PageLoader\bin\Debug\PageLoader.dll" />
      <DeploymentItem filename="D:\SourceCode\Project\SpiderApplication\SpiderLib\bin\Debug\SpiderLib.dll" />
    </Deployment>
    <Execution>
      <TestTypeSpecific />
      <AgentRule name="Execution Agents">
      </AgentRule>
    </Execution>
  </TestSettings>
  <Times creation="2014-07-01T16:02:09.2527857+08:00" queuing="2014-07-01T16:02:09.6600588+08:00" start="2014-07-01T16:02:09.6930803+08:00" finish="2014-07-01T16:02:10.1393784+08:00" />
  <ResultSummary outcome="Completed">
    <Counters total="1" executed="1" passed="1" error="0" failed="0" timeout="0" aborted="0" inconclusive="0" passedButRunAborted="0" notRunnable="0" notExecuted="0" disconnected="0" warning="0" completed="0" inProgress="0" pending="0" />
  </ResultSummary>
  <TestDefinitions>
    <UnitTest name="TestEncode" storage="d:\sourcecode\project\spiderapplication\unittest\bin\debug\unittest.dll" id="ecee43d1-3d57-05dd-c5bc-6f39092611d3">
      <Execution id="1de22950-2a12-4351-9c24-86f0e21c634c" />
      <TestMethod codeBase="D:/SourceCode/Project/SpiderApplication/UnitTest/bin/Debug/UnitTest.DLL" adapterTypeName="Microsoft.VisualStudio.TestTools.TestTypes.Unit.UnitTestAdapter, Microsoft.VisualStudio.QualityTools.Tips.UnitTest.Adapter, Version=10.0.0.0, Culture=neutral, PublicKeyToken=b03f5f7f11d50a3a" className="UnitTest.MeituanSourceModelTest, UnitTest, Version=1.0.0.0, Culture=neutral, PublicKeyToken=null" name="TestEncode" />
    </UnitTest>
  </TestDefinitions>
  <TestLists>
    <TestList name="Results Not in a List" id="8c84fa94-04c1-424b-9868-57a2d4851a1d" />
    <TestList name="All Loaded Results" id="19431567-8539-422a-85d7-44ee4e166bda" />
  </TestLists>
  <TestEntries>
    <TestEntry testId="ecee43d1-3d57-05dd-c5bc-6f39092611d3" executionId="1de22950-2a12-4351-9c24-86f0e21c634c" testListId="8c84fa94-04c1-424b-9868-57a2d4851a1d" />
  </TestEntries>
  <Results>
    <UnitTestResult executionId="1de22950-2a12-4351-9c24-86f0e21c634c" testId="ecee43d1-3d57-05dd-c5bc-6f39092611d3" testName="TestEncode" computerName="P24302-14" duration="00:00:00.0264136" startTime="2014-07-01T16:02:09.7020875+08:00" endTime="2014-07-01T16:02:10.1153617+08:00" testType="13cdc9d9-ddb5-4fa4-a97d-d965ccfc6d4b" outcome="Passed" testListId="8c84fa94-04c1-424b-9868-57a2d4851a1d" relativeResultsDirectory="1de22950-2a12-4351-9c24-86f0e21c634c">
      <Output>
        <StdOut>params={"mteventParams":{"la":"deal/see","tf":"xiuxianyule","geo":"subway","st":"default","pg":1,"rs":"default"}}&amp;geotype=4&amp;areaid=subway&amp;offset=12&amp;dealids=4847288,25260687,9297462,2825973,25244537,22265039,15488636,25254982,15701539,3948914,25159531,5432523,9932937,25091002,12113936,7429149,25209712,25099641,2122388,17784911,4554248,1386764,5689934,6255452,1245820,2640637,25001086,7619386,3133808,25389029,7665409,25412190,25133865,16552281,6205137,25124765</StdOut>
      </Output>
    </UnitTestResult>
  </Results>
</TestRun>